// Jest Snapshot v1, https://goo.gl/fbAQLP

exports[`Cards should render correctly empty 1`] = `
<styled.div>
  <h1>
    gameStateId: 
  </h1>
  <MemoryGameStart
    onClick={[Function]}
  />
</styled.div>
`;

exports[`Cards should render correctly with snapshot 1`] = `
<styled.div>
  <h1>
    gameStateId: 
  </h1>
  <MemoryGameStart
    onClick={[Function]}
  />
</styled.div>
`;
